[  5%] Building CUDA object CMakeFiles/ce_moon_cuda_compile.dir/cuda/compile.cu.o
nvcc warning : Support for offline compilation for architectures prior to '<compute/sm/lto>_75' will be removed in a future release (Use -Wno-deprecated-gpu-targets to suppress warning).
[  5%] Built target ce_moon_cuda_compile
[ 11%] Building CUDA object CMakeFiles/ce_moon_cuda_header_link.dir/cuda/link_a.cu.o
nvcc warning : Support for offline compilation for architectures prior to '<compute/sm/lto>_75' will be removed in a future release (Use -Wno-deprecated-gpu-targets to suppress warning).
[ 16%] Building CUDA object CMakeFiles/ce_moon_cuda_header_link.dir/cuda/link_b.cu.o
nvcc warning : Support for offline compilation for architectures prior to '<compute/sm/lto>_75' will be removed in a future release (Use -Wno-deprecated-gpu-targets to suppress warning).
[ 22%] Linking CUDA executable ce_moon_cuda_header_link
[ 22%] Built target ce_moon_cuda_header_link
[ 27%] Building CXX object CMakeFiles/ce_moon_host_smoke.dir/host/smoke.cpp.o
[ 33%] Linking CXX executable ce_moon_host_smoke
[ 33%] Built target ce_moon_host_smoke
[ 38%] Building CXX object families/effects/CMakeFiles/ce_moon_effects_smoke.dir/smoke.cpp.o
[ 44%] Linking CXX executable ce_moon_effects_smoke
[ 44%] Built target ce_moon_effects_smoke
[ 50%] Building CUDA object families/effects/CMakeFiles/ce_moon_effects_cuda_compile.dir/representative.cu.o
nvcc warning : Support for offline compilation for architectures prior to '<compute/sm/lto>_75' will be removed in a future release (Use -Wno-deprecated-gpu-targets to suppress warning).
[ 50%] Built target ce_moon_effects_cuda_compile
[ 55%] Building CXX object families/learning/CMakeFiles/ce_moon_learning_test.dir/test.cpp.o
[ 61%] Linking CXX executable ce_moon_learning_test
[ 61%] Built target ce_moon_learning_test
[ 66%] Building CXX object families/mechanisms/CMakeFiles/ce_moon_mechanisms_probe.dir/probe.cpp.o
[ 72%] Linking CXX executable ce_moon_mechanisms_probe
[ 72%] Built target ce_moon_mechanisms_probe
[ 77%] Building CUDA object families/mechanisms/CMakeFiles/ce_moon_mechanisms_cuda.dir/cuda_probe.cu.o
nvcc warning : Support for offline compilation for architectures prior to '<compute/sm/lto>_75' will be removed in a future release (Use -Wno-deprecated-gpu-targets to suppress warning).
[ 77%] Built target ce_moon_mechanisms_cuda
[ 83%] Building CXX object families/tensor/CMakeFiles/ce_moon_tensor_host.dir/host.cpp.o
[ 88%] Linking CXX executable ce_moon_tensor_host
[ 88%] Built target ce_moon_tensor_host
[ 94%] Building CUDA object families/tensor/CMakeFiles/ce_moon_tensor_cuda.dir/cuda_probe.cu.o
nvcc warning : Support for offline compilation for architectures prior to '<compute/sm/lto>_75' will be removed in a future release (Use -Wno-deprecated-gpu-targets to suppress warning).
[100%] Linking CUDA executable ce_moon_tensor_cuda
[100%] Built target ce_moon_tensor_cuda
